[htmldemo.net/edumall/edumall/index-main.html]
[backblue.gif]
[fade.gif]
[index.html]
[htmldemo.net/edumall/edumall/assets/images/favicon.png]
[htmldemo.net/edumall/edumall/assets/css/vendor/edumall-icon.css]
[htmldemo.net/edumall/edumall/assets/css/vendor/fontawesome-all.min.css]
[htmldemo.net/edumall/edumall/assets/css/vendor/bootstrap.min.css]
[htmldemo.net/edumall/edumall/assets/css/plugins/aos.css]
[htmldemo.net/edumall/edumall/assets/css/plugins/swiper-bundle.min.css]
[htmldemo.net/edumall/edumall/assets/css/plugins/perfect-scrollbar.css]
[htmldemo.net/edumall/edumall/assets/css/plugins/jquery.powertip.min.css]
[htmldemo.net/edumall/edumall/assets/css/plugins/glightbox.min.css]
[htmldemo.net/edumall/edumall/assets/css/plugins/flatpickr.min.css]
[htmldemo.net/edumall/edumall/assets/css/plugins/ion.rangeSlider.min.css]
[htmldemo.net/edumall/edumall/assets/css/plugins/select2.min.css]
[htmldemo.net/edumall/edumall/assets/css/style.css]
[htmldemo.net/edumall/edumall/assets/images/dark-logo.png]
[htmldemo.net/edumall/edumall/shop-left-sidebar.html]
[htmldemo.net/edumall/edumall/shop-single-list-left-sidebar.html]
[htmldemo.net/edumall/edumall/assets/images/courses/courses-1.jpg]
[htmldemo.net/edumall/edumall/assets/images/courses/courses-2.jpg]
[htmldemo.net/edumall/edumall/assets/images/courses/courses-3.jpg]
[htmldemo.net/edumall/edumall/index-course-hub.html]
[htmldemo.net/edumall/edumall/index-online-academy.html]
[htmldemo.net/edumall/edumall/index-education-center.html]
[htmldemo.net/edumall/edumall/index-language-academic.html]
[htmldemo.net/edumall/edumall/index-university.html]
[htmldemo.net/edumall/edumall/index-single-instructor.html]
[htmldemo.net/edumall/edumall/index-dev.html]
[htmldemo.net/edumall/edumall/index-online-art.html]
[htmldemo.net/edumall/edumall/assets/images/home-megamenu-bg.jpg]
[htmldemo.net/edumall/edumall/become-an-instructor.html]
[htmldemo.net/edumall/edumall/assets/images/product/product-1.png]
[htmldemo.net/edumall/edumall/assets/images/product/product-2.png]
[htmldemo.net/edumall/edumall/assets/images/product/product-3.png]
[htmldemo.net/edumall/edumall/checkout.html]
[htmldemo.net/edumall/edumall/cart.html]
[htmldemo.net/edumall/edumall/assets/images/home-01-hero-image.png]
[htmldemo.net/edumall/edumall/assets/images/shape/edumall-shape-grid-dots.png]
[htmldemo.net/edumall/edumall/assets/images/shape/edumall-shape-01.png]
[htmldemo.net/edumall/edumall/assets/images/mobile-bg.jpg]
[htmldemo.net/edumall/edumall/course-single-layout-01.html]
[htmldemo.net/edumall/edumall/course-category.html]
[htmldemo.net/edumall/edumall/assets/images/courses/courses-4.jpg]
[htmldemo.net/edumall/edumall/assets/images/courses/courses-5.jpg]
[htmldemo.net/edumall/edumall/assets/images/courses/courses-6.jpg]
[htmldemo.net/edumall/edumall/assets/images/courses/courses-25.jpg]
[htmldemo.net/edumall/edumall/assets/images/courses/courses-8.jpg]
[htmldemo.net/edumall/edumall/assets/images/courses/courses-9.jpg]
[htmldemo.net/edumall/edumall/assets/images/courses/courses-10.jpg]
[htmldemo.net/edumall/edumall/assets/images/courses/courses-11.jpg]
[htmldemo.net/edumall/edumall/assets/images/courses/courses-12.jpg]
[htmldemo.net/edumall/edumall/assets/images/courses/courses-13.jpg]
[htmldemo.net/edumall/edumall/assets/images/courses/courses-14.jpg]
[htmldemo.net/edumall/edumall/assets/images/courses/courses-15.jpg]
[htmldemo.net/edumall/edumall/assets/images/courses/courses-16.jpg]
[htmldemo.net/edumall/edumall/assets/images/courses/courses-17.jpg]
[htmldemo.net/edumall/edumall/assets/images/courses/courses-18.jpg]
[htmldemo.net/edumall/edumall/assets/images/courses/courses-19.jpg]
[htmldemo.net/edumall/edumall/assets/images/courses/courses-20.jpg]
[htmldemo.net/edumall/edumall/assets/images/courses/courses-21.jpg]
[htmldemo.net/edumall/edumall/assets/images/courses/courses-22.jpg]
[htmldemo.net/edumall/edumall/assets/images/courses/courses-23.jpg]
[htmldemo.net/edumall/edumall/assets/images/courses/courses-33.jpg]
[htmldemo.net/edumall/edumall/assets/images/courses/courses-24.jpg]
[htmldemo.net/edumall/edumall/assets/images/courses/courses-26.jpg]
[htmldemo.net/edumall/edumall/assets/images/courses/courses-27.jpg]
[htmldemo.net/edumall/edumall/assets/images/courses/courses-28.jpg]
[htmldemo.net/edumall/edumall/assets/images/courses/courses-29.jpg]
[htmldemo.net/edumall/edumall/assets/images/courses/courses-30.jpg]
[htmldemo.net/edumall/edumall/assets/images/courses/courses-31.jpg]
[htmldemo.net/edumall/edumall/assets/images/avatar/avatar-01.jpg]
[htmldemo.net/edumall/edumall/assets/images/avatar/avatar-02.jpg]
[htmldemo.net/edumall/edumall/assets/images/avatar/avatar-03.jpg]
[htmldemo.net/edumall/edumall/assets/images/avatar/avatar-04.jpg]
[htmldemo.net/edumall/edumall/course-grid-left-sidebar.html]
[htmldemo.net/edumall/edumall/assets/images/banner-image-group-teachers.png]
[htmldemo.net/edumall/edumall/assets/images/banner-image-laptop.png]
[htmldemo.net/edumall/edumall/assets/images/partners-logo/client-logo-01.jpg]
[htmldemo.net/edumall/edumall/assets/images/partners-logo/client-logo-02.jpg]
[htmldemo.net/edumall/edumall/assets/images/partners-logo/client-logo-03.jpg]
[htmldemo.net/edumall/edumall/assets/images/partners-logo/client-logo-04.jpg]
[htmldemo.net/edumall/edumall/assets/images/partners-logo/client-logo-05.jpg]
[htmldemo.net/edumall/edumall/assets/images/partners-logo/client-logo-06.jpg]
[htmldemo.net/edumall/edumall/assets/images/partners-logo/client-logo-07.jpg]
[htmldemo.net/edumall/edumall/assets/images/partners-logo/client-logo-08.jpg]
[htmldemo.net/edumall/edumall/assets/images/partners-logo/client-logo-09.jpg]
[htmldemo.net/edumall/edumall/assets/images/partners-logo/client-logo-10.jpg]
[htmldemo.net/edumall/edumall/assets/images/partners-logo/client-logo-11.jpg]
[htmldemo.net/edumall/edumall/assets/images/partners-logo/client-logo-12.jpg]
[htmldemo.net/edumall/edumall/about.html]
[htmldemo.net/edumall/edumall/instructors.html]
[htmldemo.net/edumall/edumall/event-grid-sidebar.html]
[htmldemo.net/edumall/edumall/blog-grid-left-sidebar.html]
[htmldemo.net/edumall/edumall/faqs.html]
[htmldemo.net/edumall/edumall/assets/images/demo/home-01.jpg]
[htmldemo.net/edumall/edumall/assets/images/demo/home-02.jpg]
[htmldemo.net/edumall/edumall/assets/images/demo/home-03.jpg]
[htmldemo.net/edumall/edumall/assets/images/demo/home-04.jpg]
[htmldemo.net/edumall/edumall/assets/images/demo/home-05.jpg]
[htmldemo.net/edumall/edumall/assets/images/demo/home-06.jpg]
[htmldemo.net/edumall/edumall/assets/images/demo/home-07.jpg]
[htmldemo.net/edumall/edumall/assets/images/demo/home-08.jpg]
[htmldemo.net/edumall/edumall/assets/images/demo/home-09.jpg]
[htmldemo.net/edumall/edumall/assets/js/vendor/modernizr-3.11.7.min.js]
[htmldemo.net/edumall/edumall/assets/js/vendor/jquery-3.6.0.min.js]
[htmldemo.net/edumall/edumall/assets/js/vendor/jquery-migrate-3.3.2.min.js]
[htmldemo.net/edumall/edumall/assets/js/vendor/bootstrap.bundle.min.js]
[htmldemo.net/edumall/edumall/assets/js/plugins/aos.js]
[htmldemo.net/edumall/edumall/assets/js/plugins/parallax.js]
[htmldemo.net/edumall/edumall/assets/js/plugins/swiper-bundle.min.js]
[htmldemo.net/edumall/edumall/assets/js/plugins/perfect-scrollbar.min.js]
[htmldemo.net/edumall/edumall/assets/js/plugins/jquery.powertip.min.js]
[htmldemo.net/edumall/edumall/assets/js/plugins/nice-select.min.js]
[htmldemo.net/edumall/edumall/assets/js/plugins/glightbox.min.js]
[htmldemo.net/edumall/edumall/assets/js/plugins/jquery.sticky-kit.min.js]
[htmldemo.net/edumall/edumall/assets/js/plugins/imagesloaded.pkgd.min.js]
[htmldemo.net/edumall/edumall/assets/js/plugins/masonry.pkgd.min.js]
[htmldemo.net/edumall/edumall/assets/js/plugins/flatpickr.js]
[htmldemo.net/edumall/edumall/assets/js/plugins/range-slider.js]
[htmldemo.net/edumall/edumall/assets/js/plugins/select2.min.js]
[htmldemo.net/edumall/edumall/index-main.html]
[htmldemo.net/edumall/edumall/assets/js/main.js]
[htmldemo.net/edumall/edumall/assets/fonts/fontawesome/fa-brands-400.eot]
[htmldemo.net/edumall/edumall/assets/fonts/fontawesome/fa-brands-400.woff2]
[htmldemo.net/edumall/edumall/assets/fonts/fontawesome/fa-brands-400d41d.eot]
[htmldemo.net/edumall/edumall/assets/fonts/fontawesome/fa-brands-400.woff]
[htmldemo.net/edumall/edumall/assets/fonts/fontawesome/fa-brands-400.ttf]
[htmldemo.net/edumall/edumall/assets/fonts/fontawesome/fa-brands-400.svg]
[htmldemo.net/edumall/edumall/assets/fonts/fontawesome/fa-duotone-900.eot]
[htmldemo.net/edumall/edumall/assets/fonts/fontawesome/fa-duotone-900.woff2]
[htmldemo.net/edumall/edumall/assets/fonts/fontawesome/fa-duotone-900d41d.eot]
[htmldemo.net/edumall/edumall/assets/fonts/fontawesome/fa-duotone-900.woff]
[htmldemo.net/edumall/edumall/assets/fonts/fontawesome/fa-duotone-900.ttf]
[htmldemo.net/edumall/edumall/assets/fonts/fontawesome/fa-light-300.eot]
[htmldemo.net/edumall/edumall/assets/fonts/fontawesome/fa-duotone-900.svg]
[htmldemo.net/edumall/edumall/assets/fonts/fontawesome/fa-light-300.woff2]
[htmldemo.net/edumall/edumall/assets/fonts/fontawesome/fa-light-300d41d.eot]
[htmldemo.net/edumall/edumall/assets/fonts/fontawesome/fa-light-300.woff]
[htmldemo.net/edumall/edumall/assets/fonts/fontawesome/fa-light-300.ttf]
[htmldemo.net/edumall/edumall/assets/fonts/fontawesome/fa-light-300.svg]
[htmldemo.net/edumall/edumall/assets/fonts/fontawesome/fa-regular-400.eot]
[htmldemo.net/edumall/edumall/assets/fonts/fontawesome/fa-regular-400.woff2]
[htmldemo.net/edumall/edumall/assets/fonts/fontawesome/fa-regular-400d41d.eot]
[htmldemo.net/edumall/edumall/assets/fonts/fontawesome/fa-regular-400.woff]
[htmldemo.net/edumall/edumall/assets/fonts/fontawesome/fa-regular-400.ttf]
[htmldemo.net/edumall/edumall/assets/fonts/fontawesome/fa-regular-400.svg]
[htmldemo.net/edumall/edumall/assets/fonts/fontawesome/fa-solid-900.eot]
[htmldemo.net/edumall/edumall/assets/fonts/fontawesome/fa-solid-900.woff2]
[htmldemo.net/edumall/edumall/assets/fonts/fontawesome/fa-solid-900d41d.eot]
[htmldemo.net/edumall/edumall/assets/fonts/fontawesome/fa-solid-900.woff]
[htmldemo.net/edumall/edumall/assets/fonts/fontawesome/fa-solid-900.ttf]
[htmldemo.net/edumall/edumall/assets/css/vendor/fontawesome-all.min.css]
[htmldemo.net/edumall/edumall/assets/fonts/fontawesome/fa-solid-900.svg]
[htmldemo.net/edumall/edumall/assets/fonts/edumi/Edumalldb55.eot]
[htmldemo.net/edumall/edumall/assets/fonts/edumi/Edumalldb55.ttf]
[htmldemo.net/edumall/edumall/assets/fonts/edumi/Edumalldb55.woff]
[htmldemo.net/edumall/edumall/assets/css/vendor/edumall-icon.css]
[htmldemo.net/edumall/edumall/assets/css/vendor/bootstrap.min.css]
[htmldemo.net/edumall/edumall/assets/css/plugins/aos.css]
[htmldemo.net/edumall/edumall/assets/css/plugins/swiper-bundle.min.css]
[htmldemo.net/edumall/edumall/assets/css/plugins/perfect-scrollbar.css]
[htmldemo.net/edumall/edumall/assets/css/plugins/jquery.powertip.min.css]
[htmldemo.net/edumall/edumall/assets/css/plugins/glightbox.min.css]
[htmldemo.net/edumall/edumall/assets/css/plugins/flatpickr.min.css]
[htmldemo.net/edumall/edumall/assets/css/plugins/ion.rangeSlider.min.css]
[htmldemo.net/edumall/edumall/assets/css/plugins/select2.min.css]
[htmldemo.net/edumall/edumall/assets/fonts/edumi/Edumalldb55.svg]
[htmldemo.net/edumall/edumall/assets/fonts/gordita/Gordita-Regular.ttf]
[htmldemo.net/edumall/edumall/assets/fonts/gordita/Gordita-Medium.ttf]
[htmldemo.net/edumall/edumall/assets/fonts/gordita/Gordita-Bold.ttf]
[htmldemo.net/edumall/edumall/assets/images/headline-curve.svg]
[htmldemo.net/edumall/edumall/assets/css/style.css]
[htmldemo.net/edumall/edumall/assets/images/headline-curve-02.svg]
[htmldemo.net/edumall/edumall/course-grid-01.html]
[htmldemo.net/edumall/edumall/course-grid-02.html]
[htmldemo.net/edumall/edumall/course-grid-right-sidebar.html]
[htmldemo.net/edumall/edumall/course-list.html]
[htmldemo.net/edumall/edumall/course-list-left-sidebar.html]
[htmldemo.net/edumall/edumall/course-single-layout-02.html]
[htmldemo.net/edumall/edumall/course-list-right-sidebar.html]
[htmldemo.net/edumall/edumall/course-single-layout-03.html]
[htmldemo.net/edumall/edumall/course-single-layout-04.html]
[htmldemo.net/edumall/edumall/blog-grid-01.html]
[htmldemo.net/edumall/edumall/blog-grid-02.html]
[htmldemo.net/edumall/edumall/blog-grid-right-sidebar.html]
[htmldemo.net/edumall/edumall/blog-list-style-01.html]
[htmldemo.net/edumall/edumall/blog-list-style-02.html]
[htmldemo.net/edumall/edumall/blog-details-left-sidebar.html]
[htmldemo.net/edumall/edumall/blog-details-right-sidebar.html]
[htmldemo.net/edumall/edumall/blog-details.html]
[htmldemo.net/edumall/edumall/dashboard-my-courses.html]
[htmldemo.net/edumall/edumall/dashboard-announcement.html]
[htmldemo.net/edumall/edumall/dashboard-withdraw.html]
[htmldemo.net/edumall/edumall/dashboard-quiz-attempts.html]
[htmldemo.net/edumall/edumall/dashboard-question-answer.html]
[htmldemo.net/edumall/edumall/dashboard-assignments.html]
[htmldemo.net/edumall/edumall/dashboard-students.html]
[htmldemo.net/edumall/edumall/about-02.html]
[htmldemo.net/edumall/edumall/contact-us.html]
[htmldemo.net/edumall/edumall/contact-us-02.html]
[htmldemo.net/edumall/edumall/membership-plans.html]
[htmldemo.net/edumall/edumall/404-page.html]
[htmldemo.net/edumall/edumall/dashboard-index.html]
[htmldemo.net/edumall/edumall/dashboard-student-index.html]
[htmldemo.net/edumall/edumall/dashboard-profile.html]
[htmldemo.net/edumall/edumall/dashboard-all-course.html]
[htmldemo.net/edumall/edumall/dashboard-wishlist.html]
[htmldemo.net/edumall/edumall/dashboard-reviews.html]
[htmldemo.net/edumall/edumall/dashboard-my-quiz-attempts.html]
[htmldemo.net/edumall/edumall/dashboard-purchase-history.html]
[htmldemo.net/edumall/edumall/dashboard-settings.html]
[htmldemo.net/edumall/edumall/event-grid.html]
[htmldemo.net/edumall/edumall/event-list.html]
[htmldemo.net/edumall/edumall/event-list-sidebar.html]
[htmldemo.net/edumall/edumall/event-details-layout-01.html]
[htmldemo.net/edumall/edumall/event-details-layout-02.html]
[htmldemo.net/edumall/edumall/shop-default.html]
[htmldemo.net/edumall/edumall/shop-right-sidebar.html]
[htmldemo.net/edumall/edumall/my-account.html]
[htmldemo.net/edumall/edumall/cart-empty.html]
[htmldemo.net/edumall/edumall/wishlist.html]
[htmldemo.net/edumall/edumall/shop-single-list-right-sidebar.html]
[htmldemo.net/edumall/edumall/shop-single-list-no-sidebar.html]
[htmldemo.net/edumall/edumall/shop-single-tab-left-sidebar.html]
[htmldemo.net/edumall/edumall/shop-single-tab-right-sidebar.html]
[htmldemo.net/edumall/edumall/shop-single-tab-no-sidebar.html]
[htmldemo.net/edumall/edumall/zoom-meetings.html]
[htmldemo.net/edumall/edumall/zoom-meetings-single.html]
[htmldemo.net/edumall/edumall/assets/images/product/product-4.png]
[htmldemo.net/edumall/edumall/assets/images/product/product-5.png]
[htmldemo.net/edumall/edumall/assets/images/product/product-6.png]
[htmldemo.net/edumall/edumall/assets/images/product/product-7.png]
[htmldemo.net/edumall/edumall/assets/images/product/product-8.png]
[htmldemo.net/edumall/edumall/assets/images/product/product-9.png]
[htmldemo.net/edumall/edumall/assets/images/product/product-10.png]
[htmldemo.net/edumall/edumall/assets/images/product/product-11.png]
[htmldemo.net/edumall/edumall/assets/images/product/product-12.png]
[htmldemo.net/edumall/edumall/assets/images/product/product-13.png]
[htmldemo.net/edumall/edumall/assets/images/product/product-14.png]
[htmldemo.net/edumall/edumall/assets/images/product/product-15.png]
[htmldemo.net/edumall/edumall/assets/images/product/product-16.png]
[htmldemo.net/edumall/edumall/shop-left-sidebar.html]
[htmldemo.net/edumall/edumall/assets/images/product/product-17.png]
[htmldemo.net/edumall/edumall/assets/images/product/product-18.png]
[htmldemo.net/edumall/edumall/shop-single-list-left-sidebar.html]
[htmldemo.net/edumall/edumall/assets/images/home-02-hero-image.png]
[htmldemo.net/edumall/edumall/assets/images/banner-image-04.png]
[htmldemo.net/edumall/edumall/assets/images/banner-image-05.jpg]
[htmldemo.net/edumall/edumall/assets/images/youtube-play-button.png]
[htmldemo.net/edumall/edumall/assets/images/courses/courses-7.jpg]
[htmldemo.net/edumall/edumall/assets/images/category/category-1.jpg]
[htmldemo.net/edumall/edumall/assets/images/category/category-2.jpg]
[htmldemo.net/edumall/edumall/assets/images/category/category-3.jpg]
[htmldemo.net/edumall/edumall/assets/images/category/category-4.jpg]
[htmldemo.net/edumall/edumall/assets/images/category/category-5.jpg]
[htmldemo.net/edumall/edumall/assets/images/category/category-6.jpg]
[htmldemo.net/edumall/edumall/assets/images/category/category-7.jpg]
[htmldemo.net/edumall/edumall/assets/images/category/category-8.jpg]
[htmldemo.net/edumall/edumall/assets/images/category/category-9.jpg]
[htmldemo.net/edumall/edumall/assets/images/icon/image-box-01.png]
[htmldemo.net/edumall/edumall/assets/images/icon/image-box-02.png]
[htmldemo.net/edumall/edumall/assets/images/icon/image-box-03.png]
[htmldemo.net/edumall/edumall/assets/images/icon/image-box-04.png]
[htmldemo.net/edumall/edumall/assets/images/curve-arrow.png]
[htmldemo.net/edumall/edumall/assets/images/banner-image-03.jpg]
[htmldemo.net/edumall/edumall/index-course-hub.html]
[htmldemo.net/edumall/edumall/assets/images/home-03-hero-image-03.jpg]
[htmldemo.net/edumall/edumall/assets/images/home-03-hero-image-02.jpg]
[htmldemo.net/edumall/edumall/assets/images/home-03-hero-image-01.jpg]
[htmldemo.net/edumall/edumall/assets/images/shape/edumall-shape-grid-dots-02.png]
[htmldemo.net/edumall/edumall/assets/images/icon/counter-media-01.png]
[htmldemo.net/edumall/edumall/assets/images/icon/counter-media-02.png]
[htmldemo.net/edumall/edumall/assets/images/icon/counter-media-03.png]
[htmldemo.net/edumall/edumall/assets/images/icon/counter-media-04.png]
[htmldemo.net/edumall/edumall/assets/images/event/event-thumbnail-10.jpg]
[htmldemo.net/edumall/edumall/assets/images/event/event-thumbnail-04.jpg]
[htmldemo.net/edumall/edumall/assets/images/event/event-thumbnail-01.jpg]
[htmldemo.net/edumall/edumall/assets/images/event/event-thumbnail-11.jpg]
[htmldemo.net/edumall/edumall/assets/images/event/event-thumbnail-09.jpg]
[htmldemo.net/edumall/edumall/assets/images/event/event-thumbnail-08.jpg]
[htmldemo.net/edumall/edumall/assets/images/event/event-thumbnail-07.jpg]
[htmldemo.net/edumall/edumall/assets/images/event/event-thumbnail-06.jpg]
[htmldemo.net/edumall/edumall/assets/images/blog/blog-10.jpg]
[htmldemo.net/edumall/edumall/assets/images/blog/blog-11.jpg]
[htmldemo.net/edumall/edumall/assets/images/blog/blog-12.jpg]
[htmldemo.net/edumall/edumall/index-online-academy.html]
[htmldemo.net/edumall/edumall/assets/images/home-university-hero-bg.jpg]
[htmldemo.net/edumall/edumall/assets/images/home-university-about-image.png]
[htmldemo.net/edumall/edumall/assets/images/home-university-about-image-02.jpg]
[htmldemo.net/edumall/edumall/assets/images/academics/university-image-01.jpg]
[htmldemo.net/edumall/edumall/assets/images/academics/university-image-02.jpg]
[htmldemo.net/edumall/edumall/assets/images/academics/university-image-03.jpg]
[htmldemo.net/edumall/edumall/assets/images/home-university-image-campus-life.jpg]
[htmldemo.net/edumall/edumall/assets/images/blog/blog-16.jpg]
[htmldemo.net/edumall/edumall/assets/images/blog/blog-15.jpg]
[htmldemo.net/edumall/edumall/assets/images/blog/blog-14.jpg]
[htmldemo.net/edumall/edumall/index-university.html]
[htmldemo.net/edumall/edumall/assets/images/home-education-center-hero-bg.jpg]
[htmldemo.net/edumall/edumall/index-education-center.html]
[htmldemo.net/edumall/edumall/assets/images/light-logo.png]
[htmldemo.net/edumall/edumall/assets/images/home-language-academic-hero-bg.jpg]
[htmldemo.net/edumall/edumall/assets/images/banner/banner-01.jpg]
[htmldemo.net/edumall/edumall/assets/images/banner/banner-02.jpg]
[htmldemo.net/edumall/edumall/assets/images/banner/banner-03.jpg]
[htmldemo.net/edumall/edumall/assets/images/icon/image-box-05.png]
[htmldemo.net/edumall/edumall/assets/images/icon/image-box-06.png]
[htmldemo.net/edumall/edumall/assets/images/icon/image-box-07.png]
[htmldemo.net/edumall/edumall/assets/images/icon/image-box-08.png]
[htmldemo.net/edumall/edumall/assets/images/language/language-01.jpg]
[htmldemo.net/edumall/edumall/assets/images/flag/flag-01.svg]
[htmldemo.net/edumall/edumall/assets/images/language/language-02.jpg]
[htmldemo.net/edumall/edumall/assets/images/flag/flag-02.svg]
[htmldemo.net/edumall/edumall/assets/images/language/language-03.jpg]
[htmldemo.net/edumall/edumall/assets/images/flag/flag-03.svg]
[htmldemo.net/edumall/edumall/assets/images/language/language-04.jpg]
[htmldemo.net/edumall/edumall/assets/images/flag/flag-04.svg]
[htmldemo.net/edumall/edumall/assets/images/language/language-05.jpg]
[htmldemo.net/edumall/edumall/assets/images/flag/flag-05.svg]
[htmldemo.net/edumall/edumall/assets/images/language/language-06.jpg]
[htmldemo.net/edumall/edumall/assets/images/flag/flag-06.svg]
[htmldemo.net/edumall/edumall/assets/images/language/language-07.jpg]
[htmldemo.net/edumall/edumall/assets/images/flag/flag-07.svg]
[htmldemo.net/edumall/edumall/assets/images/language/language-08.jpg]
[htmldemo.net/edumall/edumall/assets/images/flag/flag-08.svg]
[htmldemo.net/edumall/edumall/assets/images/resourse-image.png]
[htmldemo.net/edumall/edumall/index-language-academic.html]
[htmldemo.net/edumall/edumall/assets/images/home-single-instructor-hero-image.jpg]
[htmldemo.net/edumall/edumall/assets/images/introduce-image.jpg]
[htmldemo.net/edumall/edumall/assets/images/instructor-signature.png]
[htmldemo.net/edumall/edumall/assets/images/instructor-get-free-book-image.png]
[htmldemo.net/edumall/edumall/assets/images/icon/intructor-box-01.png]
[htmldemo.net/edumall/edumall/assets/images/icon/intructor-box-02.png]
[htmldemo.net/edumall/edumall/assets/images/icon/intructor-box-03.png]
[htmldemo.net/edumall/edumall/assets/images/icon/intructor-box-04.png]
[htmldemo.net/edumall/edumall/index-single-instructor.html]
[htmldemo.net/edumall/edumall/assets/images/hero-image.png]
[htmldemo.net/edumall/edumall/assets/images/home-dev-about-image.jpg]
[htmldemo.net/edumall/edumall/assets/images/shape/home-dev-about-arrow.png]
[htmldemo.net/edumall/edumall/assets/images/icon/image-box-09.png]
[htmldemo.net/edumall/edumall/assets/images/icon/image-box-10.png]
[htmldemo.net/edumall/edumall/assets/images/icon/image-box-11.png]
[htmldemo.net/edumall/edumall/assets/images/icon/get-book-image.png]
[htmldemo.net/edumall/edumall/assets/images/feature-image.png]
[htmldemo.net/edumall/edumall/assets/images/testiomonial-icon.png]
[htmldemo.net/edumall/edumall/assets/images/testiomonial-image-02.png]
[htmldemo.net/edumall/edumall/assets/images/testiomonial-image-01.png]
[htmldemo.net/edumall/edumall/assets/images/download-image.png]
[htmldemo.net/edumall/edumall/assets/images/btn-app-store.jpg]
[htmldemo.net/edumall/edumall/assets/images/btn-google-play.jpg]
[htmldemo.net/edumall/edumall/index-dev.html]
[htmldemo.net/edumall/edumall/assets/images/left-image.png]
[htmldemo.net/edumall/edumall/assets/images/hero-shape.png]
[htmldemo.net/edumall/edumall/assets/images/hero-image-alt.png]
[htmldemo.net/edumall/edumall/assets/images/shape/home-online-art-color-strip.png]
[htmldemo.net/edumall/edumall/assets/images/client-logo/client-logo-black-01.png]
[htmldemo.net/edumall/edumall/assets/images/client-logo/client-logo-black-02.png]
[htmldemo.net/edumall/edumall/assets/images/client-logo/client-logo-black-03.png]
[htmldemo.net/edumall/edumall/assets/images/client-logo/client-logo-black-04.png]
[htmldemo.net/edumall/edumall/assets/images/client-logo/client-logo-black-05.png]
[htmldemo.net/edumall/edumall/assets/images/client-logo/client-logo-black-06.png]
[htmldemo.net/edumall/edumall/assets/images/icon/image-box-12.png]
[htmldemo.net/edumall/edumall/assets/images/icon/image-box-13.png]
[htmldemo.net/edumall/edumall/assets/images/icon/image-box-14.png]
[htmldemo.net/edumall/edumall/assets/images/icon/callout-image.png]
[htmldemo.net/edumall/edumall/assets/images/faqs-image.png]
[htmldemo.net/edumall/edumall/assets/images/download-image-02.png]
[htmldemo.net/edumall/edumall/assets/images/shape/home-online-art-shape.png]
[htmldemo.net/edumall/edumall/assets/images/secondary-arrow.png]
[htmldemo.net/edumall/edumall/assets/images/testimonial-image-03.png]
[htmldemo.net/edumall/edumall/index-online-art.html]
[htmldemo.net/edumall/edumall/assets/images/become-a-teacher-hero-image.png]
[htmldemo.net/edumall/edumall/assets/images/become-an-instructor-help-section-image.png]
[htmldemo.net/edumall/edumall/become-an-instructor.html]
[htmldemo.net/edumall/edumall/cart.html]
[htmldemo.net/edumall/edumall/checkout.html]
[htmldemo.net/edumall/edumall/assets/images/instructor/instructor-02.jpg]
[htmldemo.net/edumall/edumall/assets/images/instructor/instructor-01.jpg]
[htmldemo.net/edumall/edumall/assets/images/instructor/instructor-03.jpg]
[htmldemo.net/edumall/edumall/assets/images/instructor/instructor-04.jpg]
[htmldemo.net/edumall/edumall/assets/images/instructor/instructor-05.jpg]
[htmldemo.net/edumall/edumall/assets/images/instructor/instructor-06.jpg]
[htmldemo.net/edumall/edumall/course-category.html]
[htmldemo.net/edumall/edumall/assets/images/courses/courses-36.jpg]
[htmldemo.net/edumall/edumall/assets/images/team/team-member-07.jpg]
[htmldemo.net/edumall/edumall/course-single-layout-01.html]
[htmldemo.net/edumall/edumall/course-grid-left-sidebar.html]
[htmldemo.net/edumall/edumall/assets/images/about-us-hero-bg.jpg]
[htmldemo.net/edumall/edumall/assets/images/academics/event-thumbnail-01.jpg]
[htmldemo.net/edumall/edumall/assets/images/academics/event-thumbnail-02.jpg]
[htmldemo.net/edumall/edumall/assets/images/academics/event-thumbnail-03.jpg]
[htmldemo.net/edumall/edumall/assets/images/gallery/about-us-gallery-01.jpg]
[htmldemo.net/edumall/edumall/assets/images/gallery/about-us-gallery-02.jpg]
[htmldemo.net/edumall/edumall/assets/images/gallery/about-us-gallery-03.jpg]
[htmldemo.net/edumall/edumall/assets/images/gallery/about-us-gallery-04.jpg]
[htmldemo.net/edumall/edumall/about.html]
[htmldemo.net/edumall/edumall/assets/images/instructor/instructor-07.jpg]
[htmldemo.net/edumall/edumall/assets/images/instructor/instructor-08.jpg]
[htmldemo.net/edumall/edumall/instructors.html]
[htmldemo.net/edumall/edumall/assets/images/event/event-thumbnail-02.jpg]
[htmldemo.net/edumall/edumall/assets/images/event/event-thumbnail-03.jpg]
[htmldemo.net/edumall/edumall/assets/images/event/event-thumbnail-05.jpg]
[htmldemo.net/edumall/edumall/assets/images/event/event-thumbnail-12.jpg]
[htmldemo.net/edumall/edumall/event-grid-sidebar.html]
[htmldemo.net/edumall/edumall/assets/images/blog/blog-13.jpg]
[htmldemo.net/edumall/edumall/blog-grid-left-sidebar.html]
[htmldemo.net/edumall/edumall/assets/images/banner-image-06.png]
[htmldemo.net/edumall/edumall/faqs.html]
[htmldemo.net/edumall/edumall/assets/fonts/fontawesome/fa-brands-400.svg]
[htmldemo.net/edumall/edumall/assets/fonts/fontawesome/fa-duotone-900.svg]
[htmldemo.net/edumall/edumall/assets/fonts/fontawesome/fa-light-300.svg]
[htmldemo.net/edumall/edumall/assets/fonts/fontawesome/fa-regular-400.svg]
[htmldemo.net/edumall/edumall/assets/fonts/fontawesome/fa-solid-900.svg]
[htmldemo.net/edumall/edumall/assets/fonts/edumi/Edumalldb55.svg]
[htmldemo.net/edumall/edumall/assets/images/headline-curve.svg]
[htmldemo.net/edumall/edumall/assets/images/headline-curve-02.svg]
[htmldemo.net/edumall/edumall/assets/images/courses/courses-32.jpg]
[htmldemo.net/edumall/edumall/assets/images/courses/courses-34.jpg]
[htmldemo.net/edumall/edumall/assets/images/courses/courses-35.jpg]
[htmldemo.net/edumall/edumall/course-grid-01.html]
[htmldemo.net/edumall/edumall/course-grid-02.html]
[htmldemo.net/edumall/edumall/course-grid-right-sidebar.html]
[htmldemo.net/edumall/edumall/course-list.html]
[htmldemo.net/edumall/edumall/course-list-left-sidebar.html]
[htmldemo.net/edumall/edumall/course-list-right-sidebar.html]
[htmldemo.net/edumall/edumall/course-single-layout-02.html]
[htmldemo.net/edumall/edumall/course-single-layout-03.html]
[htmldemo.net/edumall/edumall/course-single-layout-04.html]
[htmldemo.net/edumall/edumall/assets/images/blog/blog-08.jpg]
[htmldemo.net/edumall/edumall/assets/images/blog/blog-09.jpg]
[htmldemo.net/edumall/edumall/assets/images/blog/blog-07.jpg]
[htmldemo.net/edumall/edumall/assets/images/blog/blog-05.jpg]
[htmldemo.net/edumall/edumall/assets/images/blog/blog-06.jpg]
[htmldemo.net/edumall/edumall/blog-grid-01.html]
[htmldemo.net/edumall/edumall/blog-grid-02.html]
[htmldemo.net/edumall/edumall/blog-grid-right-sidebar.html]
[htmldemo.net/edumall/edumall/blog-list-style-01.html]
[htmldemo.net/edumall/edumall/blog-list-style-02.html]
[htmldemo.net/edumall/edumall/assets/images/blog/blog-details.jpg]
[htmldemo.net/edumall/edumall/assets/images/blog/blog-04.jpg]
[htmldemo.net/edumall/edumall/assets/images/blog/blog-01.jpg]
[htmldemo.net/edumall/edumall/blog-details-left-sidebar.html]
[htmldemo.net/edumall/edumall/blog-details-right-sidebar.html]
[htmldemo.net/edumall/edumall/blog-details.html]
[htmldemo.net/edumall/edumall/assets/images/canvas-menu-image.png]
[htmldemo.net/edumall/edumall/dashboard-my-courses.html]
[htmldemo.net/edumall/edumall/dashboard-announcement.html]
[htmldemo.net/edumall/edumall/dashboard-settings-withdraw.html]
[htmldemo.net/edumall/edumall/dashboard-withdraw.html]
[htmldemo.net/edumall/edumall/dashboard-quiz-attempts.html]
[htmldemo.net/edumall/edumall/dashboard-question-answer.html]
[htmldemo.net/edumall/edumall/dashboard-assignments.html]
[htmldemo.net/edumall/edumall/dashboard-students.html]
[htmldemo.net/edumall/edumall/assets/images/icon-paypal.svg]
[htmldemo.net/edumall/edumall/assets/images/about-us-02-introduce-image.png]
[htmldemo.net/edumall/edumall/assets/images/team/team-member-09.jpg]
[htmldemo.net/edumall/edumall/assets/images/team/team-member-10.jpg]
[htmldemo.net/edumall/edumall/assets/images/team/team-member-11.jpg]
[htmldemo.net/edumall/edumall/assets/images/team/team-member-08.jpg]
[htmldemo.net/edumall/edumall/assets/images/team/team-member-06.jpg]
[htmldemo.net/edumall/edumall/assets/images/team/team-member-04.jpg]
[htmldemo.net/edumall/edumall/assets/images/team/team-member-05.jpg]
[htmldemo.net/edumall/edumall/about-02.html]
[htmldemo.net/edumall/edumall/contact-us.html]
[htmldemo.net/edumall/edumall/contact-us-02.html]
[htmldemo.net/edumall/edumall/membership-plans.html]
[htmldemo.net/edumall/edumall/assets/images/page-404-image.png]
[htmldemo.net/edumall/edumall/404-page.html]
[htmldemo.net/edumall/edumall/dashboard-index.html]
[htmldemo.net/edumall/edumall/dashboard-student-index.html]
[htmldemo.net/edumall/edumall/dashboard-profile.html]
[htmldemo.net/edumall/edumall/dashboard-all-course.html]
[htmldemo.net/edumall/edumall/dashboard-wishlist.html]
[htmldemo.net/edumall/edumall/dashboard-reviews.html]
[htmldemo.net/edumall/edumall/dashboard-my-quiz-attempts.html]
[htmldemo.net/edumall/edumall/dashboard-purchase-history.html]
[htmldemo.net/edumall/edumall/dashboard-settings-reset-password.html]
[htmldemo.net/edumall/edumall/assets/images/cover-photo.jpg]
[htmldemo.net/edumall/edumall/assets/images/info-icon.svg]
[htmldemo.net/edumall/edumall/assets/images/avatar-placeholder.jpg]
[htmldemo.net/edumall/edumall/dashboard-settings.html]
[htmldemo.net/edumall/edumall/event-grid.html]
[htmldemo.net/edumall/edumall/event-list.html]
[htmldemo.net/edumall/edumall/event-list-sidebar.html]
[htmldemo.net/edumall/edumall/assets/images/event/event-details.jpg]
[htmldemo.net/edumall/edumall/assets/images/speaker/speaker-01.jpg]
[htmldemo.net/edumall/edumall/assets/images/speaker/speaker-02.jpg]
[htmldemo.net/edumall/edumall/assets/images/speaker/speaker-03.jpg]
[htmldemo.net/edumall/edumall/assets/images/speaker/speaker-04.jpg]
[htmldemo.net/edumall/edumall/assets/images/speaker/speaker-05.jpg]
[htmldemo.net/edumall/edumall/assets/images/speaker/speaker-06.jpg]
[htmldemo.net/edumall/edumall/event-details-layout-01.html]
[htmldemo.net/edumall/edumall/event-details-layout-02.html]
[htmldemo.net/edumall/edumall/shop-default.html]
[htmldemo.net/edumall/edumall/shop-right-sidebar.html]
[htmldemo.net/edumall/edumall/my-account.html]
[htmldemo.net/edumall/edumall/wishlist.html]
[htmldemo.net/edumall/edumall/cart-empty.html]
[htmldemo.net/edumall/edumall/shop-single-list-right-sidebar.html]
[htmldemo.net/edumall/edumall/shop-single-list-no-sidebar.html]
[htmldemo.net/edumall/edumall/shop-single-tab-left-sidebar.html]
[htmldemo.net/edumall/edumall/shop-single-tab-right-sidebar.html]
[htmldemo.net/edumall/edumall/shop-single-tab-no-sidebar.html]
[htmldemo.net/edumall/edumall/assets/images/zoom-meetings/zoom-meeting-01.jpg]
[htmldemo.net/edumall/edumall/assets/images/zoom-meetings/zoom-meeting-02.jpg]
[htmldemo.net/edumall/edumall/assets/images/zoom-meetings/zoom-meeting-03.jpg]
[htmldemo.net/edumall/edumall/assets/images/zoom-meetings/zoom-meeting-04.jpg]
[htmldemo.net/edumall/edumall/assets/images/zoom-meetings/zoom-meeting-05.jpg]
[htmldemo.net/edumall/edumall/assets/images/zoom-meetings/zoom-meeting-06.jpg]
[htmldemo.net/edumall/edumall/zoom-meetings.html]
[htmldemo.net/edumall/edumall/assets/images/zoom-meetings/zoom-meeting-single.jpg]
[htmldemo.net/edumall/edumall/zoom-meetings-single.html]
[htmldemo.net/edumall/edumall/assets/images/flag/flag-01.svg]
[htmldemo.net/edumall/edumall/assets/images/flag/flag-02.svg]
[htmldemo.net/edumall/edumall/assets/images/flag/flag-03.svg]
[htmldemo.net/edumall/edumall/assets/images/flag/flag-04.svg]
[htmldemo.net/edumall/edumall/assets/images/flag/flag-05.svg]
[htmldemo.net/edumall/edumall/assets/images/flag/flag-06.svg]
[htmldemo.net/edumall/edumall/assets/images/flag/flag-07.svg]
[htmldemo.net/edumall/edumall/assets/images/flag/flag-08.svg]
[htmldemo.net/edumall/edumall/dashboard-settings-withdraw.html]
[htmldemo.net/edumall/edumall/assets/images/icon-paypal.svg]
[htmldemo.net/edumall/edumall/dashboard-settings-reset-password.html]
[htmldemo.net/edumall/edumall/assets/images/info-icon.svg]
